
while_test.txt
=====================

bad/no stmtlist
Where failed: tokitr: t_then, lexitr: then
------------------------


